#---------------------SPECIFICATION FILE----------------------------------------
Type of test: serial
Name of executable: splitboundary
#The path to the folder where the executable is located must be relative to the
#/drops folder
Folder of executable: tests
#The path to the folder where the parameter-file is located must be relative to
#the folder where the executable is situated
Path of parameter-file:
Name of test: testsplitboundary
Name of author: Grande
#-------------------------------------------------------------------------------
#------------------------------STRINGS-------------------------------------------
# String find = 1: you want to find this string, = 0: you don't want to find this string
String value: "...ok"
String find: 1
#-------------------------------------------------------------------------------
