#---------------------SPECIFICATION FILE----------------------------------------
Type of test: serial
Name of executable: twophasedrops
#The path to the folder where the executable is located must be relative to the
#/drops folder
Folder of executable: levelset
#The path to the folder where the parameter-file is located must be relative to
#the folder where the executable is situated
Path of parameter-file: risingdroplet.json
Name of test: testtwophasedrops1
Name of author: Loch
#-------------------------------------------------------------------------------
#------------------------------NUMBERS------------------------------------------
Name of variable: "volume correction"
Prefix of variable: "volume correction is"
Value of variable: 0
Relative error:
Absolute error: 0.01
Minimal value:
Maximal value:
Name of variable: "omega"
Prefix of variable: "omega ="
Value of variable: 1
Relative error: 0.05
Absolute error:
Minimal value:
Maximal value:
Name of variable: "GCR interations"
Prefix of variable: "GCR: k:"
Value of variable:
Relative error:
Absolute error:
Minimal value: 0
Maximal value: 50
#-------------------------------------------------------------------------------
#------------------------------STRINGS-------------------------------------------
# String find = 1: you want to find this string, = 0: you don't want to find this string
String value: "As far as I can tell the MultigridCL is sane."
String find: 1
String value: "found 3-dim. zero level set, grid is too coarse!"
String find: 0
#-------------------------------------------------------------------------------
