#---------------------SPECIFICATION FILE----------------------------------------
Type of test: serial
Name of executable: gcr
#The path to the folder where the executable is located must be relative to the
#/drops folder
Folder of executable: tests
#The path to the folder where the parameter-file is located must be relative to
#the folder where the executable is situated
Path of parameter-file:
Name of test: testGCR
Name of author: Jens Berger
#-------------------------------------------------------------------------------
#------------------------------NUMBERS------------------------------------------
Name of variable: "Residual 1"
Prefix of variable: "Residual1: "
Value of variable: 0
Relative error:
Absolute error: 1e-10
Name of variable: "Residual 2"
Prefix of variable: "Residual2: "
Value of variable: 0
Relative error:
Absolute error: 1e-10
#-------------------------------------------------------------------------------
#------------------------------STRINGS-------------------------------------------
#-------------------------------------------------------------------------------
