#---------------------SPECIFICATION FILE----------------------------------------
Type of test: serial
Name of executable: interp2
#The path to the folder where the executable is located must be relative to the
#/drops folder
Folder of executable: tests
#The path to the folder where the parameter-file is located must be relative to
#the folder where the executable is situated
Path of parameter-file: 
Name of test: Testinterp2
Name of author: Christoph Lehrenfeld
#-------------------------------------------------------------------------------
#------------------------------NUMBERS------------------------------------------
String value: "return value: 0"
String find: 1
#-------------------------------------------------------------------------------
#------------------------------STRINGS-------------------------------------------
#------------------------------------------------------------------------------- 
