#---------------------SPECIFICATION FILE----------------------------------------
Type of test: serial
Name of executable: tetrabuildertest
#The path to the folder where the executable is located must be relative to the
#/drops folder
Folder of executable: tests
#The path to the folder where the parameter-file is located must be relative to
#the folder where the executable is situated
Path of parameter-file:
Name of test: tetrabuildertest
Name of author: loch
#-------------------------------------------------------------------------------
#------------------------------NUMBERS------------------------------------------
#-------------------------------------------------------------------------------
#------------------------------STRINGS-------------------------------------------
# String find = 1: you want to find this string, = 0: you don't want to find this string
String value: "Aerger mit Regel "
String find: 0
#-------------------------------------------------------------------------------
