#---------------------SPECIFICATION FILE----------------------------------------
Type of test: serial
Name of executable: reparamtest
#The path to the folder where the executable is located must be relative to the
#/drops folder
Folder of executable: tests
#The path to the folder where the parameter-file is located must be relative to
#the folder where the executable is situated
Path of parameter-file: ../../param/tests/reparamtest/reparam.json
Name of test: testReaparamtest
Name of author: Yuanjun Zhang
#-------------------------------------------------------------------------------
#------------------------------NUMBERS------------------------------------------
Name of variable: "1-Norm"
Prefix of variable: "e1 : "
Value of variable: 0
Relative error:
Absolute error: 1e-1
Name of variable: "1-Norm (rel)"
Prefix of variable: "e1 \(rel\) : "
Value of variable: 0
Relative error:
Absolute error: 1e-1
Name of variable: "2-Norm"
Prefix of variable: "e2 : "
Value of variable: 0
Relative error:
Absolute error: 1e-1
Name of variable: "2-Norm (rel)"
Prefix of variable: "e2 \(rel\) : "
Value of variable: 0
Relative error:
Absolute error: 1e-1
Name of variable: "sup-Norm"
Prefix of variable: "eSup : "
Value of variable: 0
Relative error:
Absolute error: 1e-1
Name of variable: "sup-Norm (rel)"
Prefix of variable: "eSup \(rel\) : "
Value of variable: 0
Relative error:
Absolute error: 5e-1
#-------------------------------------------------------------------------------
#------------------------------STRINGS-------------------------------------------
#-------------------------------------------------------------------------------
